Total files checked: 126
Failed files: 29
FAILED: typst/giao-an/khoi-12/giao-an-12-on-tap-chuong-2.typ
  error: the character `#` is not valid in code
     ┌─ typst/giao-an/khoi-12/giao-an-12-on-tap-chuong-2.typ:54:2
     │
FAILED: typst/giao-an/khoi-12/giao-an-12-bai-14-pt-mat-phang.typ
  error: unclosed delimiter
      ┌─ typst/giao-an/khoi-12/giao-an-12-bai-14-pt-mat-phang.typ:148:57
      │
FAILED: typst/giao-an/khoi-11/giao-an-11-bai-19-logarit.typ
  error: unknown variable: rac
      ┌─ typst/giao-an/khoi-11/giao-an-11-bai-19-logarit.typ:110:32
      │
FAILED: typst/giao-an/khoi-11/giao-an-11-bai-13-hai-mp-song-song.typ
  error: unclosed delimiter
     ┌─ typst/giao-an/khoi-11/giao-an-11-bai-13-hai-mp-song-song.typ:89:57
     │
FAILED: typst/giao-an/khoi-11/giao-an-11-bai-8-mau-so-lieu-ghep-nhom.typ
  error: unclosed delimiter
      ┌─ typst/giao-an/khoi-11/giao-an-11-bai-8-mau-so-lieu-ghep-nhom.typ:138:6
      │
FAILED: typst/giao-an/khoi-11/giao-an-11-hthtn-4-hoat-ong-thuc-hanh-trai-nghiem-hinh-hoc.typ
  error: missing argument: denom
      ┌─ typst/giao-an/khoi-11/giao-an-11-hthtn-4-hoat-ong-thuc-hanh-trai-nghiem-hinh-hoc.typ:103:14
      │
FAILED: typst/giao-an/khoi-11/giao-an-11-bai-32-cac-quy-tac-tinh-ao-ham.typ
  error: unclosed delimiter
      ┌─ typst/giao-an/khoi-11/giao-an-11-bai-32-cac-quy-tac-tinh-ao-ham.typ:114:61
      │
FAILED: typst/giao-an/khoi-11/giao-an-11-on-tap-chuong-9.typ
  error: missing argument: denom
     ┌─ typst/giao-an/khoi-11/giao-an-11-on-tap-chuong-9.typ:50:16
     │
FAILED: typst/giao-an/khoi-11/giao-an-11-on-tap-chuong-8.typ
  error: unknown variable: iff
     ┌─ typst/giao-an/khoi-11/giao-an-11-on-tap-chuong-8.typ:42:30
     │
FAILED: typst/giao-an/khoi-11/giao-an-11-bai-22-hai-t-vuong-goc.typ
  error: unclosed delimiter
      ┌─ typst/giao-an/khoi-11/giao-an-11-bai-22-hai-t-vuong-goc.typ:107:65
      │
FAILED: typst/giao-an/khoi-11/giao-an-11-bai-26-khoang-cach.typ
  error: unclosed delimiter
      ┌─ typst/giao-an/khoi-11/giao-an-11-bai-26-khoang-cach.typ:156:39
      │
FAILED: typst/giao-an/khoi-11/giao-an-11-on-tap-hoc-ky-1.typ
  error: unclosed delimiter
      ┌─ typst/giao-an/khoi-11/giao-an-11-on-tap-hoc-ky-1.typ:155:6
      │
FAILED: typst/giao-an/khoi-11/giao-an-11-bai-3-ham-so-lg.typ
  error: unknown variable: k2π
      ┌─ typst/giao-an/khoi-11/giao-an-11-bai-3-ham-so-lg.typ:125:128
      │
FAILED: typst/giao-an/khoi-11/giao-an-11-on-tap-chuong-3.typ
  error: unexpected closing bracket
     ┌─ typst/giao-an/khoi-11/giao-an-11-on-tap-chuong-3.typ:77:4
     │
FAILED: typst/giao-an/khoi-11/giao-an-11-bai-29-cong-thuc-cong-xac-suat.typ
  error: unknown variable: setminus
      ┌─ typst/giao-an/khoi-11/giao-an-11-bai-29-cong-thuc-cong-xac-suat.typ:120:22
      │
FAILED: typst/giao-an/khoi-11/giao-an-11-bai-27-the-tich.typ
  error: unknown variable: chop
     ┌─ typst/giao-an/khoi-11/giao-an-11-bai-27-the-tich.typ:81:43
     │
FAILED: typst/giao-an/khoi-11/giao-an-11-bai-12-t-song-song-voi-mp.typ
  error: unclosed delimiter
     ┌─ typst/giao-an/khoi-11/giao-an-11-bai-12-t-song-song-voi-mp.typ:81:92
     │
FAILED: typst/giao-an/khoi-11/giao-an-11-bai-11-hai-uong-thang-song-song.typ
  error: unclosed delimiter
      ┌─ typst/giao-an/khoi-11/giao-an-11-bai-11-hai-uong-thang-song-song.typ:115:102
      │
FAILED: typst/giao-an/khoi-10/giao-an-10-bai-8-tong-va-hieu-cua-hai-vecto.typ
  error: unknown variable: OB
     ┌─ typst/giao-an/khoi-10/giao-an-10-bai-8-tong-va-hieu-cua-hai-vecto.typ:88:73
     │
FAILED: typst/giao-an/khoi-10/giao-an-10-bai-24-hv-ch-th.typ
  error: unclosed delimiter
      ┌─ typst/giao-an/khoi-10/giao-an-10-bai-24-hv-ch-th.typ:132:31
      │
FAILED: typst/giao-an/khoi-10/giao-an-10-bai-2-tap-hop.typ
  error: unknown variable: setminus
      ┌─ typst/giao-an/khoi-10/giao-an-10-bai-2-tap-hop.typ:123:48
      │
FAILED: typst/giao-an/khoi-10/giao-an-10-bai-25-nhi-thuc-newton.typ
  error: unknown variable: dot0
      ┌─ typst/giao-an/khoi-10/giao-an-10-bai-25-nhi-thuc-newton.typ:178:35
      │
FAILED: typst/giao-an/khoi-10/giao-an-10-on-tap-chuong-9.typ
  error: unclosed delimiter
      ┌─ typst/giao-an/khoi-10/giao-an-10-on-tap-chuong-9.typ:183:6
      │
FAILED: typst/giao-an/khoi-10/giao-an-10-on-tap-chuong-4.typ
  error: unknown variable: IA
      ┌─ typst/giao-an/khoi-10/giao-an-10-on-tap-chuong-4.typ:112:115
      │
FAILED: typst/giao-an/khoi-10/giao-an-10-on-tap-chuong-7.typ
  error: unknown variable: AC
      ┌─ typst/giao-an/khoi-10/giao-an-10-on-tap-chuong-7.typ:116:80
      │
FAILED: typst/giao-an/khoi-10/giao-an-10-on-tap-chuong-3.typ
  error: unknown variable: pr
     ┌─ typst/giao-an/khoi-10/giao-an-10-on-tap-chuong-3.typ:65:59
     │
FAILED: typst/giao-an/khoi-10/giao-an-10-bai-1-menh-e.typ
  error: unexpected argument
      ┌─ typst/giao-an/khoi-10/giao-an-10-bai-1-menh-e.typ:184:49
      │
FAILED: typst/giao-an/khoi-10/giao-an-10-bai-11-tich-vo-huong-cua-hai-vt.typ
  error: unknown variable: ABCD
     ┌─ typst/giao-an/khoi-10/giao-an-10-bai-11-tich-vo-huong-cua-hai-vt.typ:99:22
     │
FAILED: typst/giao-an/khoi-10/giao-an-10-on-tap-cuoi-ky-1.typ
  error: unknown variable: AD
      ┌─ typst/giao-an/khoi-10/giao-an-10-on-tap-cuoi-ky-1.typ:179:24
      │
