Total files checked: 126
Failed files: 60
FAILED: typst/giao-an/giao-an-mau.typ
  error: file not found (searched at /Users/admin/conictypst/typst/modules/giao-an.typ)
    ┌─ typst/giao-an/giao-an-mau.typ:1:8
    │
FAILED: typst/giao-an/khoi-12/giao-an-12-on-tap-chuong-2.typ
  error: the character `#` is not valid in code
     ┌─ typst/giao-an/khoi-12/giao-an-12-on-tap-chuong-2.typ:54:2
     │
FAILED: typst/giao-an/khoi-12/giao-an-12-bai-14-pt-mat-phang.typ
  error: unclosed delimiter
      ┌─ typst/giao-an/khoi-12/giao-an-12-bai-14-pt-mat-phang.typ:148:57
      │
FAILED: typst/giao-an/khoi-11/giao-an-11-hthtn-2-luc-cang-mat-ngoai-cua-nuoc.typ
  error: unknown variable: cm
      ┌─ typst/giao-an/khoi-11/giao-an-11-hthtn-2-luc-cang-mat-ngoai-cua-nuoc.typ:104:155
      │
FAILED: typst/giao-an/khoi-11/giao-an-11-bai-19-logarit.typ
  error: unknown variable: ightarrow
     ┌─ typst/giao-an/khoi-11/giao-an-11-bai-19-logarit.typ:53:60
     │
FAILED: typst/giao-an/khoi-11/giao-an-11-bai-13-hai-mp-song-song.typ
  error: unclosed delimiter
     ┌─ typst/giao-an/khoi-11/giao-an-11-bai-13-hai-mp-song-song.typ:89:57
     │
FAILED: typst/giao-an/khoi-11/giao-an-11-bai-8-mau-so-lieu-ghep-nhom.typ
  error: unclosed delimiter
      ┌─ typst/giao-an/khoi-11/giao-an-11-bai-8-mau-so-lieu-ghep-nhom.typ:136:6
      │
FAILED: typst/giao-an/khoi-11/giao-an-11-bai-2-cong-thuc-lg.typ
  error: unknown variable: irc
     ┌─ typst/giao-an/khoi-11/giao-an-11-bai-2-cong-thuc-lg.typ:48:191
     │
FAILED: typst/giao-an/khoi-11/giao-an-11-bai-10-t-va-mp-trong-kg.typ
  error: unknown variable: ABCD
      ┌─ typst/giao-an/khoi-11/giao-an-11-bai-10-t-va-mp-trong-kg.typ:208:30
      │
FAILED: typst/giao-an/khoi-11/giao-an-11-bai-28-bc-hop,-bc-giao,-bc-oc-lap.typ
  error: unknown variable: SN
      ┌─ typst/giao-an/khoi-11/giao-an-11-bai-28-bc-hop,-bc-giao,-bc-oc-lap.typ:114:34
      │
FAILED: typst/giao-an/khoi-11/giao-an-11-hthtn-4-hoat-ong-thuc-hanh-trai-nghiem-hinh-hoc.typ
  error: missing argument: denom
      ┌─ typst/giao-an/khoi-11/giao-an-11-hthtn-4-hoat-ong-thuc-hanh-trai-nghiem-hinh-hoc.typ:100:14
      │
FAILED: typst/giao-an/khoi-11/giao-an-11-bai-32-cac-quy-tac-tinh-ao-ham.typ
  error: unclosed delimiter
      ┌─ typst/giao-an/khoi-11/giao-an-11-bai-32-cac-quy-tac-tinh-ao-ham.typ:114:61
      │
FAILED: typst/giao-an/khoi-11/giao-an-11-on-tap-chuong-9.typ
  error: unknown variable: giao-an
    ┌─ typst/giao-an/khoi-11/giao-an-11-on-tap-chuong-9.typ:1:7
    │
FAILED: typst/giao-an/khoi-11/giao-an-11-on-tap-chuong-8.typ
  error: unknown variable: giao-an
    ┌─ typst/giao-an/khoi-11/giao-an-11-on-tap-chuong-8.typ:1:7
    │
FAILED: typst/giao-an/khoi-11/giao-an-11-bai-22-hai-t-vuong-goc.typ
  error: unclosed delimiter
      ┌─ typst/giao-an/khoi-11/giao-an-11-bai-22-hai-t-vuong-goc.typ:105:6
      │
FAILED: typst/giao-an/khoi-11/giao-an-11-bai-5-day-so.typ
  error: unknown variable: ge
      ┌─ typst/giao-an/khoi-11/giao-an-11-bai-5-day-so.typ:107:62
      │
FAILED: typst/giao-an/khoi-11/giao-an-11-bai-26-khoang-cach.typ
  error: unclosed delimiter
     ┌─ typst/giao-an/khoi-11/giao-an-11-bai-26-khoang-cach.typ:70:76
     │
FAILED: typst/giao-an/khoi-11/giao-an-11-on-tap-chuong-5.typ
  error: unknown variable: giao-an
    ┌─ typst/giao-an/khoi-11/giao-an-11-on-tap-chuong-5.typ:1:7
    │
FAILED: typst/giao-an/khoi-11/giao-an-11-on-tap-hoc-ky-1.typ
  error: unclosed delimiter
      ┌─ typst/giao-an/khoi-11/giao-an-11-on-tap-hoc-ky-1.typ:151:42
      │
FAILED: typst/giao-an/khoi-11/giao-an-11-bai-3-ham-so-lg.typ
  error: unknown variable: OA
      ┌─ typst/giao-an/khoi-11/giao-an-11-bai-3-ham-so-lg.typ:113:453
      │
FAILED: typst/giao-an/khoi-11/giao-an-11-bai-33-ao-ham-cap-hai.typ
  error: unclosed delimiter
     ┌─ typst/giao-an/khoi-11/giao-an-11-bai-33-ao-ham-cap-hai.typ:89:6
     │
FAILED: typst/giao-an/khoi-11/giao-an-11-on-tap-chuong-3.typ
  error: unclosed delimiter
     ┌─ typst/giao-an/khoi-11/giao-an-11-on-tap-chuong-3.typ:67:6
     │
FAILED: typst/giao-an/khoi-11/giao-an-11-bai-4-pt-lg-co-ban.typ
  error: unknown variable: k2pi
     ┌─ typst/giao-an/khoi-11/giao-an-11-bai-4-pt-lg-co-ban.typ:80:106
     │
FAILED: typst/giao-an/khoi-11/giao-an-11-bai-29-cong-thuc-cong-xac-suat.typ
  error: unknown variable: setminus
      ┌─ typst/giao-an/khoi-11/giao-an-11-bai-29-cong-thuc-cong-xac-suat.typ:120:22
      │
FAILED: typst/giao-an/khoi-11/giao-an-11-hthtn-3-mot-so-mo-hinh-toan-hoc-su-dung-hs-mu,-hs-logarit.typ
  error: unknown variable: pH
      ┌─ typst/giao-an/khoi-11/giao-an-11-hthtn-3-mot-so-mo-hinh-toan-hoc-su-dung-hs-mu,-hs-logarit.typ:109:129
      │
FAILED: typst/giao-an/khoi-11/giao-an-11-bai-18-luy-thua-voi-so-mu-thuc.typ
  error: unknown variable: mn
     ┌─ typst/giao-an/khoi-11/giao-an-11-bai-18-luy-thua-voi-so-mu-thuc.typ:80:83
     │
FAILED: typst/giao-an/khoi-11/giao-an-11-bai-25-hai-mat-phang-vg.typ
  error: unknown variable: circ
     ┌─ typst/giao-an/khoi-11/giao-an-11-bai-25-hai-mat-phang-vg.typ:73:137
     │
FAILED: typst/giao-an/khoi-11/giao-an-11-bai-6-cap-so-cong.typ
  error: unknown variable: rac
      ┌─ typst/giao-an/khoi-11/giao-an-11-bai-6-cap-so-cong.typ:135:24
      │
FAILED: typst/giao-an/khoi-11/giao-an-11-bai-27-the-tich.typ
  error: unknown variable: giao-an
    ┌─ typst/giao-an/khoi-11/giao-an-11-bai-27-the-tich.typ:1:7
    │
FAILED: typst/giao-an/khoi-11/giao-an-11-bai-12-t-song-song-voi-mp.typ
  error: unclosed delimiter
     ┌─ typst/giao-an/khoi-11/giao-an-11-bai-12-t-song-song-voi-mp.typ:71:6
     │
FAILED: typst/giao-an/khoi-11/giao-an-11-bai-11-hai-uong-thang-song-song.typ
  error: unclosed delimiter
      ┌─ typst/giao-an/khoi-11/giao-an-11-bai-11-hai-uong-thang-song-song.typ:111:6
      │
FAILED: typst/giao-an/khoi-11/giao-an-11-bai-17-ham-so-lien-tuc.typ
  error: unknown variable: iff
     ┌─ typst/giao-an/khoi-11/giao-an-11-bai-17-ham-so-lien-tuc.typ:84:69
     │
FAILED: typst/giao-an/khoi-11/giao-an-11-bai-20-hs-mu-va-hs-logarit.typ
  error: unknown variable: kt
      ┌─ typst/giao-an/khoi-11/giao-an-11-bai-20-hs-mu-va-hs-logarit.typ:169:132
      │
FAILED: typst/giao-an/khoi-11/giao-an-11-bai-15-gioi-han-cua-day-so.typ
  error: unknown variable: ne
      ┌─ typst/giao-an/khoi-11/giao-an-11-bai-15-gioi-han-cua-day-so.typ:116:44
      │
FAILED: typst/giao-an/khoi-11/giao-an-11-bai-31-inh-nghia-va-y-nghia-cua-h.typ
  error: unknown variable: tb
     ┌─ typst/giao-an/khoi-11/giao-an-11-bai-31-inh-nghia-va-y-nghia-cua-h.typ:54:84
     │
FAILED: typst/giao-an/khoi-10/giao-an-10-bai-19-phuong-trinh-uong-thang.typ
  error: unknown variable: cdot
     ┌─ typst/giao-an/khoi-10/giao-an-10-bai-19-phuong-trinh-uong-thang.typ:91:25
     │
FAILED: typst/giao-an/khoi-10/giao-an-10-bai-17-dau-cua-tam-thuc-bac-hai.typ
  error: unknown variable: cup
     ┌─ typst/giao-an/khoi-10/giao-an-10-bai-17-dau-cua-tam-thuc-bac-hai.typ:61:78
     │
FAILED: typst/giao-an/khoi-10/giao-an-10-bai-8-tong-va-hieu-cua-hai-vecto.typ
  error: unknown variable: AB
     ┌─ typst/giao-an/khoi-10/giao-an-10-bai-8-tong-va-hieu-cua-hai-vecto.typ:82:179
     │
FAILED: typst/giao-an/khoi-10/giao-an-10-bai-24-hv-ch-th.typ
  error: unclosed delimiter
      ┌─ typst/giao-an/khoi-10/giao-an-10-bai-24-hv-ch-th.typ:132:31
      │
FAILED: typst/giao-an/khoi-10/giao-an-10-bai-6-he-thuc-luong.typ
  error: unknown variable: AB
      ┌─ typst/giao-an/khoi-10/giao-an-10-bai-6-he-thuc-luong.typ:142:36
      │
FAILED: typst/giao-an/khoi-10/giao-an-10-bai-21-uong-tron-trong-mp-toa-o.typ
  error: unknown variable: ax
      ┌─ typst/giao-an/khoi-10/giao-an-10-bai-21-uong-tron-trong-mp-toa-o.typ:184:124
      │
FAILED: typst/giao-an/khoi-10/giao-an-10-bai-14-cac-so-ac-trung-o-o-phan-tan.typ
  error: unknown variable: circ
      ┌─ typst/giao-an/khoi-10/giao-an-10-bai-14-cac-so-ac-trung-o-o-phan-tan.typ:118:141
      │
FAILED: typst/giao-an/khoi-10/giao-an-10-bai-27-thuc-hanh-tinh-xs.typ
  error: unknown variable: verline
      ┌─ typst/giao-an/khoi-10/giao-an-10-bai-27-thuc-hanh-tinh-xs.typ:149:89
      │
FAILED: typst/giao-an/khoi-10/giao-an-10-bai-2-tap-hop.typ
  error: unknown variable: setdiff
      ┌─ typst/giao-an/khoi-10/giao-an-10-bai-2-tap-hop.typ:123:48
      │
FAILED: typst/giao-an/khoi-10/giao-an-10-bai-5-gia-tri-lg-cua-goc-tu-0-en-180.typ
  error: unknown variable: Ox
     ┌─ typst/giao-an/khoi-10/giao-an-10-bai-5-gia-tri-lg-cua-goc-tu-0-en-180.typ:83:113
     │
FAILED: typst/giao-an/khoi-10/giao-an-10-bai-25-nhi-thuc-newton.typ
  error: unknown variable: ab
     ┌─ typst/giao-an/khoi-10/giao-an-10-bai-25-nhi-thuc-newton.typ:72:22
     │
FAILED: typst/giao-an/khoi-10/giao-an-10-on-tap-chuong-9.typ
  error: unclosed delimiter
      ┌─ typst/giao-an/khoi-10/giao-an-10-on-tap-chuong-9.typ:180:6
      │
FAILED: typst/giao-an/khoi-10/giao-an-10-on-tap-chuong-4.typ
  error: unknown variable: giao-an
    ┌─ typst/giao-an/khoi-10/giao-an-10-on-tap-chuong-4.typ:1:7
    │
FAILED: typst/giao-an/khoi-10/giao-an-10-on-tap-chuong-7.typ
  error: unknown variable: giao-an
    ┌─ typst/giao-an/khoi-10/giao-an-10-on-tap-chuong-7.typ:1:7
    │
FAILED: typst/giao-an/khoi-10/giao-an-10-bai-20-vi-tri-tuong-oi.typ
  error: unknown variable: giao-an
    ┌─ typst/giao-an/khoi-10/giao-an-10-bai-20-vi-tri-tuong-oi.typ:1:7
    │
FAILED: typst/giao-an/khoi-10/giao-an-10-on-tap-chuong-6.typ
  error: unknown variable: giao-an
    ┌─ typst/giao-an/khoi-10/giao-an-10-on-tap-chuong-6.typ:1:7
    │
FAILED: typst/giao-an/khoi-10/giao-an-10-on-tap-chuong-2.typ
  error: unknown variable: ax
     ┌─ typst/giao-an/khoi-10/giao-an-10-on-tap-chuong-2.typ:94:129
     │
FAILED: typst/giao-an/khoi-10/giao-an-10-on-tap-chuong-3.typ
  error: unknown variable: AB
     ┌─ typst/giao-an/khoi-10/giao-an-10-on-tap-chuong-3.typ:52:57
     │
FAILED: typst/giao-an/khoi-10/giao-an-10-on-tap-chuong-1.typ
  error: unknown variable: giao-an
     ┌─ typst/giao-an/khoi-10/giao-an-10-on-tap-chuong-1.typ:13:7
     │
FAILED: typst/giao-an/khoi-10/giao-an-10-bai-1-menh-e.typ
  error: unexpected argument
      ┌─ typst/giao-an/khoi-10/giao-an-10-bai-1-menh-e.typ:184:49
      │
FAILED: typst/giao-an/khoi-10/giao-an-10-bai-6-he-thuc-luong-trong-tan-giac.typ
  error: unknown variable: giao-an
    ┌─ typst/giao-an/khoi-10/giao-an-10-bai-6-he-thuc-luong-trong-tan-giac.typ:1:7
    │
FAILED: typst/giao-an/khoi-10/giao-an-10-hthtn-2-mang-xa-hoi-loi-va-hai.typ
  error: unknown variable: giao-an
    ┌─ typst/giao-an/khoi-10/giao-an-10-hthtn-2-mang-xa-hoi-loi-va-hai.typ:1:7
    │
FAILED: typst/giao-an/khoi-10/giao-an-10-bai-10-vecto-trong-mat-phang-toa-o.typ
  error: unknown variable: AB
      ┌─ typst/giao-an/khoi-10/giao-an-10-bai-10-vecto-trong-mat-phang-toa-o.typ:110:138
      │
FAILED: typst/giao-an/khoi-10/giao-an-10-bai-11-tich-vo-huong-cua-hai-vt.typ
  error: unknown variable: os
     ┌─ typst/giao-an/khoi-10/giao-an-10-bai-11-tich-vo-huong-cua-hai-vt.typ:61:199
     │
FAILED: typst/giao-an/khoi-10/giao-an-10-on-tap-cuoi-ky-1.typ
  error: unknown variable: giao-an
    ┌─ typst/giao-an/khoi-10/giao-an-10-on-tap-cuoi-ky-1.typ:1:7
    │
